******************************************************************************
             TMS320C2000 Linker PC v6.4.6                      
******************************************************************************
>> Linked Sun Jan 17 13:39:50 2016

OUTPUT FILE NAME:   <PMSM_SD.out>
ENTRY POINT SYMBOL: "_c_int00"  address: 00009080


MEMORY CONFIGURATION

         name            origin    length      used     unused   attr    fill
----------------------  --------  ---------  --------  --------  ----  --------
PAGE 0:
  BEGIN                 00000000   00000002  00000002  00000000  RWIX
  BOOT_RSVD             00000002   0000004e  00000000  0000004e  RWIX
  RAMM0                 00000050   000003b0  00000196  0000021a  RWIX
  progRAM               00008000   00001800  000012c6  0000053a  RWIX
  IQTABLES              003fe000   00000b50  00000b50  00000000  RWIX
  IQTABLES2             003feb50   0000008c  00000000  0000008c  RWIX
  IQTABLES3             003febdc   000000aa  00000000  000000aa  RWIX
  BOOTROM               003ff27c   00000d44  00000000  00000d44  RWIX
  RESET                 003fffc0   00000002  00000000  00000002  RWIX

PAGE 1:
  RAMM1                 00000480   00000380  00000300  00000080  RWIX
  DEV_EMU               00000880   00000105  00000004  00000101  RWIX
  SYS_PWR_CTL           00000985   00000003  00000003  00000000  RWIX
  FLASH_REGS            00000a80   00000060  00000008  00000058  RWIX
  CSM                   00000ae0   00000010  00000010  00000000  RWIX
  ADC_RESULT            00000b00   00000020  00000020  00000000  RWIX
  CPU_TIMER0            00000c00   00000008  00000008  00000000  RWIX
  CPU_TIMER1            00000c08   00000008  00000008  00000000  RWIX
  CPU_TIMER2            00000c10   00000008  00000008  00000000  RWIX
  PIE_CTRL              00000ce0   00000020  0000001a  00000006  RWIX
  PIE_VECT              00000d00   00000100  00000100  00000000  RWIX
  CLA1                  00001400   00000080  00000040  00000040  RWIX
  CLA_CPU_MSGRAM        00001480   00000080  00000000  00000080  RWIX
  CPU_CLA_MSGRAM        00001500   00000080  00000000  00000080  RWIX
  ECANA                 00006000   00000040  00000034  0000000c  RWIX
  ECANA_LAM             00006040   00000040  00000040  00000000  RWIX
  ECANA_MOTS            00006080   00000040  00000040  00000000  RWIX
  ECANA_MOTO            000060c0   00000040  00000040  00000000  RWIX
  ECANA_MBOX            00006100   00000100  00000100  00000000  RWIX
  COMP1                 00006400   00000020  00000014  0000000c  RWIX
  COMP2                 00006420   00000020  00000014  0000000c  RWIX
  COMP3                 00006440   00000020  00000014  0000000c  RWIX
  EPWM1                 00006800   00000040  00000040  00000000  RWIX
  EPWM2                 00006840   00000040  00000040  00000000  RWIX
  EPWM3                 00006880   00000040  00000040  00000000  RWIX
  EPWM4                 000068c0   00000040  00000040  00000000  RWIX
  EPWM5                 00006900   00000040  00000040  00000000  RWIX
  EPWM6                 00006940   00000040  00000040  00000000  RWIX
  EPWM7                 00006980   00000040  00000040  00000000  RWIX
  ECAP1                 00006a00   00000020  00000020  00000000  RWIX
  HRCAP1                00006ac0   00000020  00000020  00000000  RWIX
  HRCAP2                00006ae0   00000020  00000020  00000000  RWIX
  EQEP1                 00006b00   00000040  00000040  00000000  RWIX
  LINA                  00006c00   00000080  0000004a  00000036  RWIX
  GPIOCTRL              00006f80   00000040  00000040  00000000  RWIX
  GPIODAT               00006fc0   00000020  00000020  00000000  RWIX
  GPIOINT               00006fe0   00000020  0000000c  00000014  RWIX
  SYSTEM                00007010   00000020  00000020  00000000  RWIX
  SPIA                  00007040   00000010  00000010  00000000  RWIX
  SCIA                  00007050   00000010  00000010  00000000  RWIX
  NMIINTRUPT            00007060   00000010  00000010  00000000  RWIX
  XINTRUPT              00007070   00000010  00000010  00000000  RWIX
  ADC                   00007100   00000080  00000050  00000030  RWIX
  SPIB                  00007740   00000010  00000010  00000000  RWIX
  I2CA                  00007900   00000040  00000022  0000001e  RWIX
  dataRAM               00009800   00000800  000006d8  00000128  RWIX
  PARTID                003d7e80   00000001  00000001  00000000  RWIX
  CSM_PWL               003f7ff8   00000008  00000008  00000000  RWIX


SECTION ALLOCATION MAP

 output                                  attributes/
section   page    origin      length       input sections
--------  ----  ----------  ----------   ----------------
codestart 
*          0    00000000    00000002     
                  00000000    00000002     DSP2803x_CodeStartBranch.obj (codestart)

.cinit     0    00000050    00000192     
                  00000050    00000170     main.obj (.cinit)
                  000001c0    0000000c     com.obj (.cinit)
                  000001cc    0000000a     rts2800_ml.lib : exit.obj (.cinit)
                  000001d6    00000005                    : _lock.obj (.cinit:__lock)
                  000001db    00000005                    : _lock.obj (.cinit:__unlock)
                  000001e0    00000002     --HOLE-- [fill = 0]

ramfuncs   0    000001e2    00000004     
                  000001e2    00000004     DSP2803x_usDelay.obj (ramfuncs)

.text      0    00008000    00001276     
                  00008000    000005b8     main.obj (.text)
                  000085b8    00000431     main.obj (.text:retain)
                  000089e9    0000017c     DSP2803x_DefaultIsr.obj (.text:retain)
                  00008b65    0000013c     DSP2803x_SysCtrl.obj (.text)
                  00008ca1    000000f9     DSP2803x_Gpio.obj (.text)
                  00008d9a    00000083     rts2800_ml.lib : fd_mpy.obj (.text)
                  00008e1d    00000083                    : fs_div.obj (.text)
                  00008ea0    00000078                    : fs_add.obj (.text)
                  00008f18    00000071     DRV8301_SPI.obj (.text)
                  00008f89    0000005a     rts2800_ml.lib : fs_mpy.obj (.text)
                  00008fe3    00000052     com.obj (.text)
                  00009035    0000004b     DLOG4CHC.obj (.text)
                  00009080    00000044     rts2800_ml.lib : boot.obj (.text)
                  000090c4    00000038     DSP2803x_TempSensorConv.obj (.text)
                  000090fc    00000029     rts2800_ml.lib : fs_tol.obj (.text)
                  00009125    00000028     DSP2803x_PieCtrl.obj (.text)
                  0000914d    00000028     DSP2803x_PieVect.obj (.text)
                  00009175    00000025     rts2800_ml.lib : fs_toi.obj (.text)
                  0000919a    0000001f                    : fd_tol.obj (.text)
                  000091b9    0000001d                    : fs_tou.obj (.text)
                  000091d6    0000001c                    : fs_tofd.obj (.text)
                  000091f2    0000001a                    : l_tofs.obj (.text)
                  0000920c    00000019                    : args_main.obj (.text)
                  00009225    00000019                    : exit.obj (.text)
                  0000923e    00000017                    : fs_cmp.obj (.text)
                  00009255    00000010                    : u_tofs.obj (.text)
                  00009265    00000009                    : _lock.obj (.text)
                  0000926e    00000008     DSP2803x_CodeStartBranch.obj (.text)

.pinit     0    00000050    00000000     UNINITIALIZED

.reset     0    003fffc0    00000002     DSECT
                  003fffc0    00000002     rts2800_ml.lib : boot.obj (.reset)

IQmath     0    00009276    00000050     
                  00009276    00000029     IQmath.lib : IQ24sinPU.obj (IQmath)
                  0000929f    00000027                : IQ24cosPU.obj (IQmath)

IQmathTables 
*          0    003fe000    00000b50     NOLOAD SECTION
                  003fe000    00000b50     IQmath.lib : IQmathTables.obj (IQmathTables)

.stack     1    00000480    00000300     UNINITIALIZED
                  00000480    00000300     --HOLE--

DevEmuRegsFile 
*          1    00000880    00000004     UNINITIALIZED
                  00000880    00000004     DSP2803x_GlobalVariableDefs.obj (DevEmuRegsFile)

SysPwrCtrlRegsFile 
*          1    00000985    00000003     UNINITIALIZED
                  00000985    00000003     DSP2803x_GlobalVariableDefs.obj (SysPwrCtrlRegsFile)

FlashRegsFile 
*          1    00000a80    00000008     UNINITIALIZED
                  00000a80    00000008     DSP2803x_GlobalVariableDefs.obj (FlashRegsFile)

CsmRegsFile 
*          1    00000ae0    00000010     UNINITIALIZED
                  00000ae0    00000010     DSP2803x_GlobalVariableDefs.obj (CsmRegsFile)

AdcResultFile 
*          1    00000b00    00000020     UNINITIALIZED
                  00000b00    00000020     DSP2803x_GlobalVariableDefs.obj (AdcResultFile)

CpuTimer0RegsFile 
*          1    00000c00    00000008     UNINITIALIZED
                  00000c00    00000008     DSP2803x_GlobalVariableDefs.obj (CpuTimer0RegsFile)

CpuTimer1RegsFile 
*          1    00000c08    00000008     UNINITIALIZED
                  00000c08    00000008     DSP2803x_GlobalVariableDefs.obj (CpuTimer1RegsFile)

CpuTimer2RegsFile 
*          1    00000c10    00000008     UNINITIALIZED
                  00000c10    00000008     DSP2803x_GlobalVariableDefs.obj (CpuTimer2RegsFile)

PieCtrlRegsFile 
*          1    00000ce0    0000001a     UNINITIALIZED
                  00000ce0    0000001a     DSP2803x_GlobalVariableDefs.obj (PieCtrlRegsFile)

PieVectTableFile 
*          1    00000d00    00000100     UNINITIALIZED
                  00000d00    00000100     DSP2803x_GlobalVariableDefs.obj (PieVectTableFile)

EmuKeyVar 
*          1    00000d00    00000001     UNINITIALIZED
                  00000d00    00000001     DSP2803x_GlobalVariableDefs.obj (EmuKeyVar)

EmuBModeVar 
*          1    00000d01    00000001     UNINITIALIZED
                  00000d01    00000001     DSP2803x_GlobalVariableDefs.obj (EmuBModeVar)

FlashCallbackVar 
*          1    00000d02    00000002     UNINITIALIZED
                  00000d02    00000002     DSP2803x_GlobalVariableDefs.obj (FlashCallbackVar)

FlashScalingVar 
*          1    00000d04    00000002     UNINITIALIZED
                  00000d04    00000002     DSP2803x_GlobalVariableDefs.obj (FlashScalingVar)

Cla1RegsFile 
*          1    00001400    00000040     UNINITIALIZED
                  00001400    00000040     DSP2803x_GlobalVariableDefs.obj (Cla1RegsFile)

ECanaRegsFile 
*          1    00006000    00000034     UNINITIALIZED
                  00006000    00000034     DSP2803x_GlobalVariableDefs.obj (ECanaRegsFile)

ECanaLAMRegsFile 
*          1    00006040    00000040     UNINITIALIZED
                  00006040    00000040     DSP2803x_GlobalVariableDefs.obj (ECanaLAMRegsFile)

ECanaMOTSRegsFile 
*          1    00006080    00000040     UNINITIALIZED
                  00006080    00000040     DSP2803x_GlobalVariableDefs.obj (ECanaMOTSRegsFile)

ECanaMOTORegsFile 
*          1    000060c0    00000040     UNINITIALIZED
                  000060c0    00000040     DSP2803x_GlobalVariableDefs.obj (ECanaMOTORegsFile)

ECanaMboxesFile 
*          1    00006100    00000100     UNINITIALIZED
                  00006100    00000100     DSP2803x_GlobalVariableDefs.obj (ECanaMboxesFile)

Comp1RegsFile 
*          1    00006400    00000014     UNINITIALIZED
                  00006400    00000014     DSP2803x_GlobalVariableDefs.obj (Comp1RegsFile)

Comp2RegsFile 
*          1    00006420    00000014     UNINITIALIZED
                  00006420    00000014     DSP2803x_GlobalVariableDefs.obj (Comp2RegsFile)

Comp3RegsFile 
*          1    00006440    00000014     UNINITIALIZED
                  00006440    00000014     DSP2803x_GlobalVariableDefs.obj (Comp3RegsFile)

EPwm1RegsFile 
*          1    00006800    00000040     UNINITIALIZED
                  00006800    00000040     DSP2803x_GlobalVariableDefs.obj (EPwm1RegsFile)

EPwm2RegsFile 
*          1    00006840    00000040     UNINITIALIZED
                  00006840    00000040     DSP2803x_GlobalVariableDefs.obj (EPwm2RegsFile)

EPwm3RegsFile 
*          1    00006880    00000040     UNINITIALIZED
                  00006880    00000040     DSP2803x_GlobalVariableDefs.obj (EPwm3RegsFile)

EPwm4RegsFile 
*          1    000068c0    00000040     UNINITIALIZED
                  000068c0    00000040     DSP2803x_GlobalVariableDefs.obj (EPwm4RegsFile)

EPwm5RegsFile 
*          1    00006900    00000040     UNINITIALIZED
                  00006900    00000040     DSP2803x_GlobalVariableDefs.obj (EPwm5RegsFile)

EPwm6RegsFile 
*          1    00006940    00000040     UNINITIALIZED
                  00006940    00000040     DSP2803x_GlobalVariableDefs.obj (EPwm6RegsFile)

EPwm7RegsFile 
*          1    00006980    00000040     UNINITIALIZED
                  00006980    00000040     DSP2803x_GlobalVariableDefs.obj (EPwm7RegsFile)

ECap1RegsFile 
*          1    00006a00    00000020     UNINITIALIZED
                  00006a00    00000020     DSP2803x_GlobalVariableDefs.obj (ECap1RegsFile)

HRCap1RegsFile 
*          1    00006ac0    00000020     UNINITIALIZED
                  00006ac0    00000020     DSP2803x_GlobalVariableDefs.obj (HRCap1RegsFile)

HRCap2RegsFile 
*          1    00006ae0    00000020     UNINITIALIZED
                  00006ae0    00000020     DSP2803x_GlobalVariableDefs.obj (HRCap2RegsFile)

EQep1RegsFile 
*          1    00006b00    00000040     UNINITIALIZED
                  00006b00    00000040     DSP2803x_GlobalVariableDefs.obj (EQep1RegsFile)

LinaRegsFile 
*          1    00006c00    0000004a     UNINITIALIZED
                  00006c00    0000004a     DSP2803x_GlobalVariableDefs.obj (LinaRegsFile)

GpioCtrlRegsFile 
*          1    00006f80    00000040     UNINITIALIZED
                  00006f80    00000040     DSP2803x_GlobalVariableDefs.obj (GpioCtrlRegsFile)

GpioDataRegsFile 
*          1    00006fc0    00000020     UNINITIALIZED
                  00006fc0    00000020     DSP2803x_GlobalVariableDefs.obj (GpioDataRegsFile)

GpioIntRegsFile 
*          1    00006fe0    0000000c     UNINITIALIZED
                  00006fe0    0000000c     DSP2803x_GlobalVariableDefs.obj (GpioIntRegsFile)

SysCtrlRegsFile 
*          1    00007010    00000020     UNINITIALIZED
                  00007010    00000020     DSP2803x_GlobalVariableDefs.obj (SysCtrlRegsFile)

SpiaRegsFile 
*          1    00007040    00000010     UNINITIALIZED
                  00007040    00000010     DSP2803x_GlobalVariableDefs.obj (SpiaRegsFile)

SciaRegsFile 
*          1    00007050    00000010     UNINITIALIZED
                  00007050    00000010     DSP2803x_GlobalVariableDefs.obj (SciaRegsFile)

NmiIntruptRegsFile 
*          1    00007060    00000010     UNINITIALIZED
                  00007060    00000010     DSP2803x_GlobalVariableDefs.obj (NmiIntruptRegsFile)

XIntruptRegsFile 
*          1    00007070    00000010     UNINITIALIZED
                  00007070    00000010     DSP2803x_GlobalVariableDefs.obj (XIntruptRegsFile)

AdcRegsFile 
*          1    00007100    00000050     UNINITIALIZED
                  00007100    00000050     DSP2803x_GlobalVariableDefs.obj (AdcRegsFile)

SpibRegsFile 
*          1    00007740    00000010     UNINITIALIZED
                  00007740    00000010     DSP2803x_GlobalVariableDefs.obj (SpibRegsFile)

I2caRegsFile 
*          1    00007900    00000022     UNINITIALIZED
                  00007900    00000022     DSP2803x_GlobalVariableDefs.obj (I2caRegsFile)

DLOG       1    00009800    00000320     UNINITIALIZED
                  00009800    00000320     DLOG4CHC.obj (DLOG)

.ebss      1    00009b20    000002a8     UNINITIALIZED
                  00009b20    00000018     DSP2803x_CpuTimers.obj (.ebss)
                  00009b38    00000004     rts2800_ml.lib : exit.obj (.ebss)
                  00009b3c    00000002                    : _lock.obj (.ebss:__lock)
                  00009b3e    00000002                    : _lock.obj (.ebss:__unlock)
                  00009b40    00000168     main.obj (.ebss)
                  00009ca8    00000018     --HOLE--
                  00009cc0    00000108     com.obj (.ebss)

.econst    1    00009dc8    00000110     
                  00009dc8    00000100     DSP2803x_PieVect.obj (.econst)
                  00009ec8    00000010     main.obj (.econst)

PartIdRegsFile 
*          1    003d7e80    00000001     UNINITIALIZED
                  003d7e80    00000001     DSP2803x_GlobalVariableDefs.obj (PartIdRegsFile)

CsmPwlFile 
*          1    003f7ff8    00000008     UNINITIALIZED
                  003f7ff8    00000008     DSP2803x_GlobalVariableDefs.obj (CsmPwlFile)


GLOBAL DATA SYMBOLS: SORTED BY DATA PAGE

address     data page           name
--------    ----------------    ----
00000480      12 (00000480)     __stack

00000880      22 (00000880)     _DevEmuRegs

00000985      26 (00000980)     _SysPwrCtrlRegs

00000a80      2a (00000a80)     _FlashRegs

00000ae0      2b (00000ac0)     _CsmRegs

00000b00      2c (00000b00)     _AdcResult

00000c00      30 (00000c00)     _CpuTimer0Regs
00000c08      30 (00000c00)     _CpuTimer1Regs
00000c10      30 (00000c00)     _CpuTimer2Regs

00000ce0      33 (00000cc0)     _PieCtrlRegs

00000d00      34 (00000d00)     _EmuKey
00000d00      34 (00000d00)     _PieVectTable
00000d01      34 (00000d00)     _EmuBMode
00000d02      34 (00000d00)     _Flash_CallbackPtr
00000d04      34 (00000d00)     _Flash_CPUScaleFactor

00001400      50 (00001400)     _Cla1Regs

00006000     180 (00006000)     _ECanaRegs

00006040     181 (00006040)     _ECanaLAMRegs

00006080     182 (00006080)     _ECanaMOTSRegs

000060c0     183 (000060c0)     _ECanaMOTORegs

00006100     184 (00006100)     _ECanaMboxes

00006400     190 (00006400)     _Comp1Regs
00006420     190 (00006400)     _Comp2Regs

00006440     191 (00006440)     _Comp3Regs

00006800     1a0 (00006800)     _EPwm1Regs

00006840     1a1 (00006840)     _EPwm2Regs

00006880     1a2 (00006880)     _EPwm3Regs

000068c0     1a3 (000068c0)     _EPwm4Regs

00006900     1a4 (00006900)     _EPwm5Regs

00006940     1a5 (00006940)     _EPwm6Regs

00006980     1a6 (00006980)     _EPwm7Regs

00006a00     1a8 (00006a00)     _ECap1Regs

00006ac0     1ab (00006ac0)     _HRCap1Regs
00006ae0     1ab (00006ac0)     _HRCap2Regs

00006b00     1ac (00006b00)     _EQep1Regs

00006c00     1b0 (00006c00)     _LinaRegs

00006f80     1be (00006f80)     _GpioCtrlRegs

00006fc0     1bf (00006fc0)     _GpioDataRegs
00006fe0     1bf (00006fc0)     _GpioIntRegs

00007010     1c0 (00007000)     _SysCtrlRegs

00007040     1c1 (00007040)     _SpiaRegs
00007050     1c1 (00007040)     _SciaRegs
00007060     1c1 (00007040)     _NmiIntruptRegs
00007070     1c1 (00007040)     _XIntruptRegs

00007100     1c4 (00007100)     _AdcRegs

00007740     1dd (00007740)     _SpibRegs

00007900     1e4 (00007900)     _I2caRegs

00009276     249 (00009240)     __IQ24sinPU

0000929f     24a (00009280)     __IQ24cosPU

00009b20     26c (00009b00)     _CpuTimer1
00009b28     26c (00009b00)     _CpuTimer2
00009b30     26c (00009b00)     _CpuTimer0
00009b38     26c (00009b00)     ___TI_cleanup_ptr
00009b3a     26c (00009b00)     ___TI_dtors_ptr
00009b3c     26c (00009b00)     __lock
00009b3e     26c (00009b00)     __unlock

00009b40     26d (00009b40)     _DRV8301_stat_reg1
00009b41     26d (00009b40)     _DRV8301_stat_reg2
00009b42     26d (00009b40)     _Sector
00009b43     26d (00009b40)     _MPeriod
00009b44     26d (00009b40)     _DRV8301_cntrl_reg1
00009b45     26d (00009b40)     _DRV8301_cntrl_reg2
00009b46     26d (00009b40)     _DlogCh3
00009b47     26d (00009b40)     _DlogCh4
00009b48     26d (00009b40)     _SpeedLoopPrescaler
00009b49     26d (00009b40)     _RunMotor
00009b4a     26d (00009b40)     _SpeedLoopCount
00009b4b     26d (00009b40)     _DlogCh1
00009b4c     26d (00009b40)     _DlogCh2
00009b4e     26d (00009b40)     _cal_offset_A
00009b50     26d (00009b40)     _temp_sv1
00009b52     26d (00009b40)     _SpeedRef
00009b54     26d (00009b40)     _temp_sv2
00009b56     26d (00009b40)     _Vc
00009b58     26d (00009b40)     _Vb
00009b5a     26d (00009b40)     _t2
00009b5c     26d (00009b40)     _VdTesting
00009b5e     26d (00009b40)     _cal_offset_B
00009b60     26d (00009b40)     _IdRef
00009b62     26d (00009b40)     _VqTesting
00009b64     26d (00009b40)     _IqRef
00009b66     26d (00009b40)     _t1
00009b68     26d (00009b40)     _cal_filt_gain
00009b6a     26d (00009b40)     _rc_tmp
00009b6c     26d (00009b40)     _Tmp
00009b6e     26d (00009b40)     _Va
00009b70     26d (00009b40)     _Tmp_fr
00009b72     26d (00009b40)     _T
00009b74     26d (00009b40)     _pwm1

00009b80     26e (00009b80)     _clarke1
00009b88     26e (00009b80)     _svgen_dq1
00009b92     26e (00009b80)     _rg1
00009b9e     26e (00009b80)     _park1
00009bac     26e (00009b80)     _rc1

00009bc0     26f (00009bc0)     _ipark1
00009bce     26f (00009bc0)     _speed1
00009be0     26f (00009bc0)     _qep1

00009c00     270 (00009c00)     _dlog
00009c16     270 (00009c00)     _pid1_iq

00009c40     271 (00009c40)     _pid1_id

00009c80     272 (00009c80)     _pid1_spd

00009cc0     273 (00009cc0)     _comTXRd
00009cc1     273 (00009cc0)     _comTXLen
00009cc2     273 (00009cc0)     _comTXWr

00009d00     274 (00009d00)     _comTXBuf

00009dc8     277 (00009dc0)     _PieVectTableInit

003d7e80    f5fa (003d7e80)     _PartIdRegs

003f7ff8    fdff (003f7fc0)     _CsmPwl

003fe000    ff80 (003fe000)     _IQsinTable

003fe100    ff84 (003fe100)     _IQcosTable

003fe400    ff90 (003fe400)     _IQsinTableEnd

003fe502    ff94 (003fe500)     _IQcosTableEnd
003fe502    ff94 (003fe500)     _IQdivRoundSatTable
003fe510    ff94 (003fe500)     _IQdivTable

003fe712    ff9c (003fe700)     _IQdivTableEnd
003fe712    ff9c (003fe700)     _IQisqrtRoundSatTable
003fe712    ff9c (003fe700)     _IQsqrtRoundSatTable
003fe722    ff9c (003fe700)     _IQisqrtTable
003fe722    ff9c (003fe700)     _IQsqrtTable

003fe824    ffa0 (003fe800)     _IQatan2HalfPITable
003fe824    ffa0 (003fe800)     _IQisqrtTableEnd
003fe824    ffa0 (003fe800)     _IQsqrtTableEnd

003fe862    ffa1 (003fe840)     _IQatan2Table

003fe9e8    ffa7 (003fe9c0)     _IQ30mpyRndSatTable
003fe9e8    ffa7 (003fe9c0)     _IQatan2TableEnd
003fe9e8    ffa7 (003fe9c0)     _IQmpyRndSatTable
003fe9f4    ffa7 (003fe9c0)     _IQ29mpyRndSatTable

003fea00    ffa8 (003fea00)     _IQ28mpyRndSatTable
003fea0c    ffa8 (003fea00)     _IQ27mpyRndSatTable
003fea18    ffa8 (003fea00)     _IQ26mpyRndSatTable
003fea24    ffa8 (003fea00)     _IQ25mpyRndSatTable
003fea30    ffa8 (003fea00)     _IQ24mpyRndSatTable
003fea3c    ffa8 (003fea00)     _IQ23mpyRndSatTable

003fea48    ffa9 (003fea40)     _IQ22mpyRndSatTable
003fea54    ffa9 (003fea40)     _IQ21mpyRndSatTable
003fea60    ffa9 (003fea40)     _IQ20mpyRndSatTable
003fea6c    ffa9 (003fea40)     _IQ19mpyRndSatTable
003fea78    ffa9 (003fea40)     _IQ18mpyRndSatTable

003fea84    ffaa (003fea80)     _IQ17mpyRndSatTable
003fea90    ffaa (003fea80)     _IQ16mpyRndSatTable
003fea9c    ffaa (003fea80)     _IQ15mpyRndSatTable
003feaa8    ffaa (003fea80)     _IQ14mpyRndSatTable
003feab4    ffaa (003fea80)     _IQ13mpyRndSatTable

003feac0    ffab (003feac0)     _IQ12mpyRndSatTable
003feacc    ffab (003feac0)     _IQ11mpyRndSatTable
003fead8    ffab (003feac0)     _IQ10mpyRndSatTable
003feae4    ffab (003feac0)     _IQ9mpyRndSatTable
003feaf0    ffab (003feac0)     _IQ8mpyRndSatTable
003feafc    ffab (003feac0)     _IQ7mpyRndSatTable

003feb08    ffac (003feb00)     _IQ6mpyRndSatTable
003feb14    ffac (003feb00)     _IQ5mpyRndSatTable
003feb20    ffac (003feb00)     _IQ4mpyRndSatTable
003feb2c    ffac (003feb00)     _IQ3mpyRndSatTable
003feb38    ffac (003feb00)     _IQ2mpyRndSatTable

003feb44    ffad (003feb40)     _IQ1mpyRndSatTable
003feb50    ffad (003feb40)     _IQmpyRndSatTableEnd


GLOBAL SYMBOLS: SORTED ALPHABETICALLY BY Name 

page  address   name                  
----  -------   ----                  
0     00008000  .text                 
0     00009225  C$$EXIT               
0     00008d9a  FD$$MPY               
0     0000919a  FD$$TOL               
0     00008ea5  FS$$ADD               
0     0000923e  FS$$CMP               
0     00008e1d  FS$$DIV               
0     00008f89  FS$$MPY               
0     00008ea0  FS$$SUB               
0     000091d6  FS$$TOFD              
0     00009175  FS$$TOI               
0     000090fc  FS$$TOL               
0     000091b9  FS$$TOU               
0     000091f2  L$$TOFS               
0     00009255  U$$TOFS               
0     00008a48  _ADCINT1_ISR          
0     00008a4d  _ADCINT2_ISR          
0     00008b01  _ADCINT3_ISR          
0     00008b06  _ADCINT4_ISR          
0     00008b0b  _ADCINT5_ISR          
0     00008b10  _ADCINT6_ISR          
0     00008b15  _ADCINT7_ISR          
0     00008b1a  _ADCINT8_ISR          
0     00008a5c  _ADCINT9_ISR          
1     00007100  _AdcRegs              
1     00000b00  _AdcResult            
0     00008b1f  _CLA1_INT1_ISR        
0     00008b24  _CLA1_INT2_ISR        
0     00008b29  _CLA1_INT3_ISR        
0     00008b2e  _CLA1_INT4_ISR        
0     00008b33  _CLA1_INT5_ISR        
0     00008b38  _CLA1_INT6_ISR        
0     00008b3d  _CLA1_INT7_ISR        
0     00008b42  _CLA1_INT8_ISR        
1     00001400  _Cla1Regs             
1     00006400  _Comp1Regs            
1     00006420  _Comp2Regs            
1     00006440  _Comp3Regs            
1     00009b30  _CpuTimer0            
1     00000c00  _CpuTimer0Regs        
1     00009b20  _CpuTimer1            
1     00000c08  _CpuTimer1Regs        
1     00009b28  _CpuTimer2            
1     00000c10  _CpuTimer2Regs        
1     003f7ff8  _CsmPwl               
1     00000ae0  _CsmRegs              
0     00008c22  _CsmUnlock            
0     000089f3  _DATALOG_ISR          
0     00009035  _DLOG_4CH_init        
0     00009040  _DLOG_4CH_update      
0     0000855a  _DRV8301_Configuration
0     00008f18  _DRV8301_SPI_Init     
0     00008f3b  _DRV8301_SPI_Read     
0     00008f6a  _DRV8301_SPI_Write    
1     00009b44  _DRV8301_cntrl_reg1   
1     00009b45  _DRV8301_cntrl_reg2   
1     00009b40  _DRV8301_stat_reg1    
1     00009b41  _DRV8301_stat_reg2    
0     000001e2  _DSP28x_usDelay       
1     00000880  _DevEmuRegs           
0     00008b89  _DisableDog           
1     00009b4b  _DlogCh1              
1     00009b4c  _DlogCh2              
1     00009b46  _DlogCh3              
1     00009b47  _DlogCh4              
0     00008af7  _ECAN0INTA_ISR        
0     00008afc  _ECAN1INTA_ISR        
0     00008ab1  _ECAP1_INT_ISR        
1     00006040  _ECanaLAMRegs         
1     000060c0  _ECanaMOTORegs        
1     00006080  _ECanaMOTSRegs        
1     00006100  _ECanaMboxes          
1     00006000  _ECanaRegs            
1     00006a00  _ECap1Regs            
0     00008b56  _EMPTY_ISR            
0     000089fd  _EMUINT_ISR           
0     00008a8e  _EPWM1_INT_ISR        
0     00008a6b  _EPWM1_TZINT_ISR      
0     00008a93  _EPWM2_INT_ISR        
0     00008a70  _EPWM2_TZINT_ISR      
0     00008a98  _EPWM3_INT_ISR        
0     00008a75  _EPWM3_TZINT_ISR      
0     00008a9d  _EPWM4_INT_ISR        
0     00008a7a  _EPWM4_TZINT_ISR      
0     00008aa2  _EPWM5_INT_ISR        
0     00008a7f  _EPWM5_TZINT_ISR      
0     00008aa7  _EPWM6_INT_ISR        
0     00008a84  _EPWM6_TZINT_ISR      
0     00008aac  _EPWM7_INT_ISR        
0     00008a89  _EPWM7_TZINT_ISR      
1     00006800  _EPwm1Regs            
1     00006840  _EPwm2Regs            
1     00006880  _EPwm3Regs            
1     000068c0  _EPwm4Regs            
1     00006900  _EPwm5Regs            
1     00006940  _EPwm6Regs            
1     00006980  _EPwm7Regs            
0     00008ac0  _EQEP1_INT_ISR        
1     00006b00  _EQep1Regs            
1     00000d01  _EmuBMode             
1     00000d00  _EmuKey               
0     00009144  _EnableInterrupts     
0     00008c8b  _ExtOscSel            
1     00000a80  _FlashRegs            
1     00000d04  _Flash_CPUScaleFactor 
1     00000d02  _Flash_CallbackPtr    
0     000090c4  _GetTemperatureC      
0     000090e1  _GetTemperatureK      
1     00006f80  _GpioCtrlRegs         
1     00006fc0  _GpioDataRegs         
1     00006fe0  _GpioIntRegs          
0     00008ab6  _HRCAP1_INT_ISR       
0     00008abb  _HRCAP2_INT_ISR       
1     00006ac0  _HRCap1Regs           
1     00006ae0  _HRCap2Regs           
0     00008ad9  _I2CINT1A_ISR         
0     00008ade  _I2CINT2A_ISR         
1     00007900  _I2caRegs             
0     00008a07  _ILLEGAL_ISR          
0     000089e9  _INT13_ISR            
0     000089ee  _INT14_ISR            
0     003fead8  _IQ10mpyRndSatTable   
0     003feacc  _IQ11mpyRndSatTable   
0     003feac0  _IQ12mpyRndSatTable   
0     003feab4  _IQ13mpyRndSatTable   
0     003feaa8  _IQ14mpyRndSatTable   
0     003fea9c  _IQ15mpyRndSatTable   
0     003fea90  _IQ16mpyRndSatTable   
0     003fea84  _IQ17mpyRndSatTable   
0     003fea78  _IQ18mpyRndSatTable   
0     003fea6c  _IQ19mpyRndSatTable   
0     003feb44  _IQ1mpyRndSatTable    
0     003fea60  _IQ20mpyRndSatTable   
0     003fea54  _IQ21mpyRndSatTable   
0     003fea48  _IQ22mpyRndSatTable   
0     003fea3c  _IQ23mpyRndSatTable   
0     003fea30  _IQ24mpyRndSatTable   
0     003fea24  _IQ25mpyRndSatTable   
0     003fea18  _IQ26mpyRndSatTable   
0     003fea0c  _IQ27mpyRndSatTable   
0     003fea00  _IQ28mpyRndSatTable   
0     003fe9f4  _IQ29mpyRndSatTable   
0     003feb38  _IQ2mpyRndSatTable    
0     003fe9e8  _IQ30mpyRndSatTable   
0     003feb2c  _IQ3mpyRndSatTable    
0     003feb20  _IQ4mpyRndSatTable    
0     003feb14  _IQ5mpyRndSatTable    
0     003feb08  _IQ6mpyRndSatTable    
0     003feafc  _IQ7mpyRndSatTable    
0     003feaf0  _IQ8mpyRndSatTable    
0     003feae4  _IQ9mpyRndSatTable    
0     003fe824  _IQatan2HalfPITable   
0     003fe862  _IQatan2Table         
0     003fe9e8  _IQatan2TableEnd      
0     003fe100  _IQcosTable           
0     003fe502  _IQcosTableEnd        
0     003fe502  _IQdivRoundSatTable   
0     003fe510  _IQdivTable           
0     003fe712  _IQdivTableEnd        
0     003fe712  _IQisqrtRoundSatTable 
0     003fe722  _IQisqrtTable         
0     003fe824  _IQisqrtTableEnd      
0     003fe9e8  _IQmpyRndSatTable     
0     003feb50  _IQmpyRndSatTableEnd  
0     003fe000  _IQsinTable           
0     003fe400  _IQsinTableEnd        
0     003fe712  _IQsqrtRoundSatTable  
0     003fe722  _IQsqrtTable          
0     003fe824  _IQsqrtTableEnd       
1     00009b60  _IdRef                
0     00008ca1  _InitGpio             
0     00008be6  _InitPeripheralClocks 
0     00009125  _InitPieCtrl          
0     0000914d  _InitPieVectTable     
0     00008b91  _InitPll              
0     00008b65  _InitSysCtrl          
0     00008c53  _IntOsc1Sel           
0     00008c63  _IntOsc2Sel           
1     00009b64  _IqRef                
0     00008aed  _LIN0INTA_ISR         
0     00008af2  _LIN1INTA_ISR         
0     00008b51  _LUF_ISR              
0     00008b4c  _LVF_ISR              
1     00006c00  _LinaRegs             
1     00009b43  _MPeriod              
0     000085b8  _MainISR              
0     0000858e  _Module_Init          
0     00008a02  _NMI_ISR              
1     00007060  _NmiIntruptRegs       
0     00008b5b  _PIE_RESERVED         
1     003d7e80  _PartIdRegs           
1     00000ce0  _PieCtrlRegs          
1     00000d00  _PieVectTable         
1     00009dc8  _PieVectTableInit     
0     000089f8  _RTOSINT_ISR          
1     00009b49  _RunMotor             
0     00008ae3  _SCIRXINTA_ISR        
0     00008ae8  _SCITXINTA_ISR        
0     00008ac5  _SPIRXINTA_ISR        
0     00008acf  _SPIRXINTB_ISR        
0     00008aca  _SPITXINTA_ISR        
0     00008ad4  _SPITXINTB_ISR        
1     00007050  _SciaRegs             
1     00009b42  _Sector               
0     00008b7f  _ServiceDog           
1     00009b4a  _SpeedLoopCount       
1     00009b48  _SpeedLoopPrescaler   
1     00009b52  _SpeedRef             
1     00007040  _SpiaRegs             
1     00007740  _SpibRegs             
1     00007010  _SysCtrlRegs          
1     00000985  _SysPwrCtrlRegs       
1     00009b72  _T                    
0     00008a61  _TINT0_ISR            
1     00009b6c  _Tmp                  
1     00009b70  _Tmp_fr               
0     00008a39  _USER10_ISR           
0     00008a3e  _USER11_ISR           
0     00008a43  _USER12_ISR           
0     00008a0c  _USER1_ISR            
0     00008a11  _USER2_ISR            
0     00008a16  _USER3_ISR            
0     00008a1b  _USER4_ISR            
0     00008a20  _USER5_ISR            
0     00008a25  _USER6_ISR            
0     00008a2a  _USER7_ISR            
0     00008a2f  _USER8_ISR            
0     00008a34  _USER9_ISR            
1     00009b6e  _Va                   
1     00009b58  _Vb                   
1     00009b56  _Vc                   
1     00009b5c  _VdTesting            
1     00009b62  _VqTesting            
0     00008a66  _WAKEINT_ISR          
0     00008a52  _XINT1_ISR            
0     00008a57  _XINT2_ISR            
0     00008b47  _XINT3_ISR            
1     00007070  _XIntruptRegs         
0     00008c77  _XtalOscSel           
0     0000929f  __IQ24cosPU           
0     00009276  __IQ24sinPU           
1     00000780  __STACK_END           
abs   00000300  __STACK_SIZE          
1     00009b38  ___TI_cleanup_ptr     
1     00009b3a  ___TI_dtors_ptr       
abs   ffffffff  ___binit__            
abs   ffffffff  ___c_args__           
0     00000050  ___cinit__            
0     00009276  ___etext__            
abs   ffffffff  ___pinit__            
0     00008000  ___text__             
0     0000920c  __args_main           
1     00009b3c  __lock                
0     0000926d  __nop                 
0     00009269  __register_lock       
0     00009265  __register_unlock     
1     00000480  __stack               
1     00009b3e  __unlock              
0     00009225  _abort                
0     00009080  _c_int00              
1     00009b68  _cal_filt_gain        
1     00009b4e  _cal_offset_A         
1     00009b5e  _cal_offset_B         
1     00009b80  _clarke1              
0     00008fe3  _comInit              
0     00008ff3  _comPutChar           
0     00009009  _comPutString         
1     00009d00  _comTXBuf             
0     00009017  _comTXD               
1     00009cc1  _comTXLen             
1     00009cc0  _comTXRd              
1     00009cc2  _comTXWr              
1     00009c00  _dlog                 
0     00009227  _exit                 
1     00009bc0  _ipark1               
0     00008000  _main                 
1     00009b9e  _park1                
1     00009c40  _pid1_id              
1     00009c16  _pid1_iq              
1     00009c80  _pid1_spd             
1     00009b74  _pwm1                 
1     00009be0  _qep1                 
1     00009bac  _rc1                  
1     00009b6a  _rc_tmp               
1     00009b92  _rg1                  
0     00008b60  _rsvd_ISR             
1     00009bce  _speed1               
1     00009b88  _svgen_dq1            
1     00009b66  _t1                   
1     00009b5a  _t2                   
1     00009b50  _temp_sv1             
1     00009b54  _temp_sv2             
abs   ffffffff  binit                 
0     00000050  cinit                 
0     00000000  code_start            
0     00009276  etext                 
abs   ffffffff  pinit                 


GLOBAL SYMBOLS: SORTED BY Symbol Address 

page  address   name                  
----  -------   ----                  
0     00000000  code_start            
0     00000050  ___cinit__            
0     00000050  cinit                 
0     000001e2  _DSP28x_usDelay       
0     00008000  .text                 
0     00008000  ___text__             
0     00008000  _main                 
0     0000855a  _DRV8301_Configuration
0     0000858e  _Module_Init          
0     000085b8  _MainISR              
0     000089e9  _INT13_ISR            
0     000089ee  _INT14_ISR            
0     000089f3  _DATALOG_ISR          
0     000089f8  _RTOSINT_ISR          
0     000089fd  _EMUINT_ISR           
0     00008a02  _NMI_ISR              
0     00008a07  _ILLEGAL_ISR          
0     00008a0c  _USER1_ISR            
0     00008a11  _USER2_ISR            
0     00008a16  _USER3_ISR            
0     00008a1b  _USER4_ISR            
0     00008a20  _USER5_ISR            
0     00008a25  _USER6_ISR            
0     00008a2a  _USER7_ISR            
0     00008a2f  _USER8_ISR            
0     00008a34  _USER9_ISR            
0     00008a39  _USER10_ISR           
0     00008a3e  _USER11_ISR           
0     00008a43  _USER12_ISR           
0     00008a48  _ADCINT1_ISR          
0     00008a4d  _ADCINT2_ISR          
0     00008a52  _XINT1_ISR            
0     00008a57  _XINT2_ISR            
0     00008a5c  _ADCINT9_ISR          
0     00008a61  _TINT0_ISR            
0     00008a66  _WAKEINT_ISR          
0     00008a6b  _EPWM1_TZINT_ISR      
0     00008a70  _EPWM2_TZINT_ISR      
0     00008a75  _EPWM3_TZINT_ISR      
0     00008a7a  _EPWM4_TZINT_ISR      
0     00008a7f  _EPWM5_TZINT_ISR      
0     00008a84  _EPWM6_TZINT_ISR      
0     00008a89  _EPWM7_TZINT_ISR      
0     00008a8e  _EPWM1_INT_ISR        
0     00008a93  _EPWM2_INT_ISR        
0     00008a98  _EPWM3_INT_ISR        
0     00008a9d  _EPWM4_INT_ISR        
0     00008aa2  _EPWM5_INT_ISR        
0     00008aa7  _EPWM6_INT_ISR        
0     00008aac  _EPWM7_INT_ISR        
0     00008ab1  _ECAP1_INT_ISR        
0     00008ab6  _HRCAP1_INT_ISR       
0     00008abb  _HRCAP2_INT_ISR       
0     00008ac0  _EQEP1_INT_ISR        
0     00008ac5  _SPIRXINTA_ISR        
0     00008aca  _SPITXINTA_ISR        
0     00008acf  _SPIRXINTB_ISR        
0     00008ad4  _SPITXINTB_ISR        
0     00008ad9  _I2CINT1A_ISR         
0     00008ade  _I2CINT2A_ISR         
0     00008ae3  _SCIRXINTA_ISR        
0     00008ae8  _SCITXINTA_ISR        
0     00008aed  _LIN0INTA_ISR         
0     00008af2  _LIN1INTA_ISR         
0     00008af7  _ECAN0INTA_ISR        
0     00008afc  _ECAN1INTA_ISR        
0     00008b01  _ADCINT3_ISR          
0     00008b06  _ADCINT4_ISR          
0     00008b0b  _ADCINT5_ISR          
0     00008b10  _ADCINT6_ISR          
0     00008b15  _ADCINT7_ISR          
0     00008b1a  _ADCINT8_ISR          
0     00008b1f  _CLA1_INT1_ISR        
0     00008b24  _CLA1_INT2_ISR        
0     00008b29  _CLA1_INT3_ISR        
0     00008b2e  _CLA1_INT4_ISR        
0     00008b33  _CLA1_INT5_ISR        
0     00008b38  _CLA1_INT6_ISR        
0     00008b3d  _CLA1_INT7_ISR        
0     00008b42  _CLA1_INT8_ISR        
0     00008b47  _XINT3_ISR            
0     00008b4c  _LVF_ISR              
0     00008b51  _LUF_ISR              
0     00008b56  _EMPTY_ISR            
0     00008b5b  _PIE_RESERVED         
0     00008b60  _rsvd_ISR             
0     00008b65  _InitSysCtrl          
0     00008b7f  _ServiceDog           
0     00008b89  _DisableDog           
0     00008b91  _InitPll              
0     00008be6  _InitPeripheralClocks 
0     00008c22  _CsmUnlock            
0     00008c53  _IntOsc1Sel           
0     00008c63  _IntOsc2Sel           
0     00008c77  _XtalOscSel           
0     00008c8b  _ExtOscSel            
0     00008ca1  _InitGpio             
0     00008d9a  FD$$MPY               
0     00008e1d  FS$$DIV               
0     00008ea0  FS$$SUB               
0     00008ea5  FS$$ADD               
0     00008f18  _DRV8301_SPI_Init     
0     00008f3b  _DRV8301_SPI_Read     
0     00008f6a  _DRV8301_SPI_Write    
0     00008f89  FS$$MPY               
0     00008fe3  _comInit              
0     00008ff3  _comPutChar           
0     00009009  _comPutString         
0     00009017  _comTXD               
0     00009035  _DLOG_4CH_init        
0     00009040  _DLOG_4CH_update      
0     00009080  _c_int00              
0     000090c4  _GetTemperatureC      
0     000090e1  _GetTemperatureK      
0     000090fc  FS$$TOL               
0     00009125  _InitPieCtrl          
0     00009144  _EnableInterrupts     
0     0000914d  _InitPieVectTable     
0     00009175  FS$$TOI               
0     0000919a  FD$$TOL               
0     000091b9  FS$$TOU               
0     000091d6  FS$$TOFD              
0     000091f2  L$$TOFS               
0     0000920c  __args_main           
0     00009225  C$$EXIT               
0     00009225  _abort                
0     00009227  _exit                 
0     0000923e  FS$$CMP               
0     00009255  U$$TOFS               
0     00009265  __register_unlock     
0     00009269  __register_lock       
0     0000926d  __nop                 
0     00009276  __IQ24sinPU           
0     00009276  ___etext__            
0     00009276  etext                 
0     0000929f  __IQ24cosPU           
0     003fe000  _IQsinTable           
0     003fe100  _IQcosTable           
0     003fe400  _IQsinTableEnd        
0     003fe502  _IQcosTableEnd        
0     003fe502  _IQdivRoundSatTable   
0     003fe510  _IQdivTable           
0     003fe712  _IQdivTableEnd        
0     003fe712  _IQisqrtRoundSatTable 
0     003fe712  _IQsqrtRoundSatTable  
0     003fe722  _IQisqrtTable         
0     003fe722  _IQsqrtTable          
0     003fe824  _IQatan2HalfPITable   
0     003fe824  _IQisqrtTableEnd      
0     003fe824  _IQsqrtTableEnd       
0     003fe862  _IQatan2Table         
0     003fe9e8  _IQ30mpyRndSatTable   
0     003fe9e8  _IQatan2TableEnd      
0     003fe9e8  _IQmpyRndSatTable     
0     003fe9f4  _IQ29mpyRndSatTable   
0     003fea00  _IQ28mpyRndSatTable   
0     003fea0c  _IQ27mpyRndSatTable   
0     003fea18  _IQ26mpyRndSatTable   
0     003fea24  _IQ25mpyRndSatTable   
0     003fea30  _IQ24mpyRndSatTable   
0     003fea3c  _IQ23mpyRndSatTable   
0     003fea48  _IQ22mpyRndSatTable   
0     003fea54  _IQ21mpyRndSatTable   
0     003fea60  _IQ20mpyRndSatTable   
0     003fea6c  _IQ19mpyRndSatTable   
0     003fea78  _IQ18mpyRndSatTable   
0     003fea84  _IQ17mpyRndSatTable   
0     003fea90  _IQ16mpyRndSatTable   
0     003fea9c  _IQ15mpyRndSatTable   
0     003feaa8  _IQ14mpyRndSatTable   
0     003feab4  _IQ13mpyRndSatTable   
0     003feac0  _IQ12mpyRndSatTable   
0     003feacc  _IQ11mpyRndSatTable   
0     003fead8  _IQ10mpyRndSatTable   
0     003feae4  _IQ9mpyRndSatTable    
0     003feaf0  _IQ8mpyRndSatTable    
0     003feafc  _IQ7mpyRndSatTable    
0     003feb08  _IQ6mpyRndSatTable    
0     003feb14  _IQ5mpyRndSatTable    
0     003feb20  _IQ4mpyRndSatTable    
0     003feb2c  _IQ3mpyRndSatTable    
0     003feb38  _IQ2mpyRndSatTable    
0     003feb44  _IQ1mpyRndSatTable    
0     003feb50  _IQmpyRndSatTableEnd  
1     00000480  __stack               
1     00000780  __STACK_END           
1     00000880  _DevEmuRegs           
1     00000985  _SysPwrCtrlRegs       
1     00000a80  _FlashRegs            
1     00000ae0  _CsmRegs              
1     00000b00  _AdcResult            
1     00000c00  _CpuTimer0Regs        
1     00000c08  _CpuTimer1Regs        
1     00000c10  _CpuTimer2Regs        
1     00000ce0  _PieCtrlRegs          
1     00000d00  _EmuKey               
1     00000d00  _PieVectTable         
1     00000d01  _EmuBMode             
1     00000d02  _Flash_CallbackPtr    
1     00000d04  _Flash_CPUScaleFactor 
1     00001400  _Cla1Regs             
1     00006000  _ECanaRegs            
1     00006040  _ECanaLAMRegs         
1     00006080  _ECanaMOTSRegs        
1     000060c0  _ECanaMOTORegs        
1     00006100  _ECanaMboxes          
1     00006400  _Comp1Regs            
1     00006420  _Comp2Regs            
1     00006440  _Comp3Regs            
1     00006800  _EPwm1Regs            
1     00006840  _EPwm2Regs            
1     00006880  _EPwm3Regs            
1     000068c0  _EPwm4Regs            
1     00006900  _EPwm5Regs            
1     00006940  _EPwm6Regs            
1     00006980  _EPwm7Regs            
1     00006a00  _ECap1Regs            
1     00006ac0  _HRCap1Regs           
1     00006ae0  _HRCap2Regs           
1     00006b00  _EQep1Regs            
1     00006c00  _LinaRegs             
1     00006f80  _GpioCtrlRegs         
1     00006fc0  _GpioDataRegs         
1     00006fe0  _GpioIntRegs          
1     00007010  _SysCtrlRegs          
1     00007040  _SpiaRegs             
1     00007050  _SciaRegs             
1     00007060  _NmiIntruptRegs       
1     00007070  _XIntruptRegs         
1     00007100  _AdcRegs              
1     00007740  _SpibRegs             
1     00007900  _I2caRegs             
1     00009b20  _CpuTimer1            
1     00009b28  _CpuTimer2            
1     00009b30  _CpuTimer0            
1     00009b38  ___TI_cleanup_ptr     
1     00009b3a  ___TI_dtors_ptr       
1     00009b3c  __lock                
1     00009b3e  __unlock              
1     00009b40  _DRV8301_stat_reg1    
1     00009b41  _DRV8301_stat_reg2    
1     00009b42  _Sector               
1     00009b43  _MPeriod              
1     00009b44  _DRV8301_cntrl_reg1   
1     00009b45  _DRV8301_cntrl_reg2   
1     00009b46  _DlogCh3              
1     00009b47  _DlogCh4              
1     00009b48  _SpeedLoopPrescaler   
1     00009b49  _RunMotor             
1     00009b4a  _SpeedLoopCount       
1     00009b4b  _DlogCh1              
1     00009b4c  _DlogCh2              
1     00009b4e  _cal_offset_A         
1     00009b50  _temp_sv1             
1     00009b52  _SpeedRef             
1     00009b54  _temp_sv2             
1     00009b56  _Vc                   
1     00009b58  _Vb                   
1     00009b5a  _t2                   
1     00009b5c  _VdTesting            
1     00009b5e  _cal_offset_B         
1     00009b60  _IdRef                
1     00009b62  _VqTesting            
1     00009b64  _IqRef                
1     00009b66  _t1                   
1     00009b68  _cal_filt_gain        
1     00009b6a  _rc_tmp               
1     00009b6c  _Tmp                  
1     00009b6e  _Va                   
1     00009b70  _Tmp_fr               
1     00009b72  _T                    
1     00009b74  _pwm1                 
1     00009b80  _clarke1              
1     00009b88  _svgen_dq1            
1     00009b92  _rg1                  
1     00009b9e  _park1                
1     00009bac  _rc1                  
1     00009bc0  _ipark1               
1     00009bce  _speed1               
1     00009be0  _qep1                 
1     00009c00  _dlog                 
1     00009c16  _pid1_iq              
1     00009c40  _pid1_id              
1     00009c80  _pid1_spd             
1     00009cc0  _comTXRd              
1     00009cc1  _comTXLen             
1     00009cc2  _comTXWr              
1     00009d00  _comTXBuf             
1     00009dc8  _PieVectTableInit     
1     003d7e80  _PartIdRegs           
1     003f7ff8  _CsmPwl               
abs   00000300  __STACK_SIZE          
abs   ffffffff  ___binit__            
abs   ffffffff  ___c_args__           
abs   ffffffff  ___pinit__            
abs   ffffffff  binit                 
abs   ffffffff  pinit                 

[297 symbols]
