******************************************************************************
             TMS320C2000 Linker PC v6.2.0                      
******************************************************************************
>> Linked Sun Sep 11 08:44:55 2016

OUTPUT FILE NAME:   <PM_Sensorless_DRV8301_F2803x.out>
ENTRY POINT SYMBOL: "_c_int00"  address: 00008e0e


MEMORY CONFIGURATION

         name            origin    length      used     unused   attr    fill
----------------------  --------  ---------  --------  --------  ----  --------
PAGE 0:
  BEGIN                 00000000   00000002  00000000  00000002  RWIX
  BOOT_RSVD             00000002   0000004e  00000000  0000004e  RWIX
  RAMM0                 00000050   000003b0  0000024c  00000164  RWIX
  progRAM               00008000   00001800  00000fe4  0000081c  RWIX
  IQTABLES              003fe000   00000b50  00000b50  00000000  RWIX
  IQTABLES2             003feb50   0000008c  00000000  0000008c  RWIX
  IQTABLES3             003febdc   000000aa  00000000  000000aa  RWIX
  BOOTROM               003ff27c   00000d44  00000000  00000d44  RWIX
  RESET                 003fffc0   00000002  00000000  00000002  RWIX

PAGE 1:
  RAMM1                 00000480   00000380  00000380  00000000  RWIX
  DEV_EMU               00000880   00000105  00000004  00000101  RWIX
  SYS_PWR_CTL           00000985   00000003  00000003  00000000  RWIX
  FLASH_REGS            00000a80   00000060  00000008  00000058  RWIX
  CSM                   00000ae0   00000010  00000010  00000000  RWIX
  ADC_RESULT            00000b00   00000020  00000020  00000000  RWIX
  CPU_TIMER0            00000c00   00000008  00000008  00000000  RWIX
  CPU_TIMER1            00000c08   00000008  00000008  00000000  RWIX
  CPU_TIMER2            00000c10   00000008  00000008  00000000  RWIX
  PIE_CTRL              00000ce0   00000020  0000001a  00000006  RWIX
  PIE_VECT              00000d00   00000100  00000100  00000000  RWIX
  CLA1                  00001400   00000080  00000040  00000040  RWIX
  CLA_CPU_MSGRAM        00001480   00000080  00000000  00000080  RWIX
  CPU_CLA_MSGRAM        00001500   00000080  00000000  00000080  RWIX
  ECANA                 00006000   00000040  00000034  0000000c  RWIX
  ECANA_LAM             00006040   00000040  00000040  00000000  RWIX
  ECANA_MOTS            00006080   00000040  00000040  00000000  RWIX
  ECANA_MOTO            000060c0   00000040  00000040  00000000  RWIX
  ECANA_MBOX            00006100   00000100  00000100  00000000  RWIX
  COMP1                 00006400   00000020  00000011  0000000f  RWIX
  COMP2                 00006420   00000020  00000011  0000000f  RWIX
  COMP3                 00006440   00000020  00000011  0000000f  RWIX
  EPWM1                 00006800   00000040  00000040  00000000  RWIX
  EPWM2                 00006840   00000040  00000040  00000000  RWIX
  EPWM3                 00006880   00000040  00000040  00000000  RWIX
  EPWM4                 000068c0   00000040  00000040  00000000  RWIX
  EPWM5                 00006900   00000040  00000040  00000000  RWIX
  EPWM6                 00006940   00000040  00000040  00000000  RWIX
  EPWM7                 00006980   00000040  00000040  00000000  RWIX
  ECAP1                 00006a00   00000020  00000020  00000000  RWIX
  EQEP1                 00006b00   00000040  00000040  00000000  RWIX
  LINA                  00006c00   00000080  0000004a  00000036  RWIX
  GPIOCTRL              00006f80   00000040  00000040  00000000  RWIX
  GPIODAT               00006fc0   00000020  00000020  00000000  RWIX
  GPIOINT               00006fe0   00000020  0000000c  00000014  RWIX
  SYSTEM                00007010   00000020  00000020  00000000  RWIX
  SPIA                  00007040   00000010  00000010  00000000  RWIX
  SCIA                  00007050   00000010  00000010  00000000  RWIX
  NMIINTRUPT            00007060   00000010  00000010  00000000  RWIX
  XINTRUPT              00007070   00000010  00000010  00000000  RWIX
  ADC                   00007100   00000080  00000050  00000030  RWIX
  SPIB                  00007740   00000010  00000010  00000000  RWIX
  I2CA                  00007900   00000040  00000022  0000001e  RWIX
  dataRAM               00009800   00000800  00000578  00000288  RWIX
  PARTID                003d7e80   00000001  00000001  00000000  RWIX
  CSM_PWL               003f7ff8   00000008  00000008  00000000  RWIX


SECTION ALLOCATION MAP

 output                                  attributes/
section   page    origin      length       input sections
--------  ----  ----------  ----------   ----------------
.pinit     0    00000050    00000000     UNINITIALIZED

.cinit     0    00000050    0000022d     
                  00000050    00000213     PM_Sensorless.obj (.cinit)
                  00000263    0000000a     rts2800_ml.lib : _lock.obj (.cinit)
                  0000026d    0000000a                    : exit.obj (.cinit)
                  00000277    00000004                    : errno.obj (.cinit)
                  0000027b    00000002     --HOLE-- [fill = 0]

ramfuncs   0    0000027d    0000001f     
                  0000027d    0000001b     PM_Sensorless-DevInit_F2803x.obj (ramfuncs)
                  00000298    00000004     DSP2803x_usDelay.obj (ramfuncs)

.text      0    00008000    00000f94     
                  00008000    0000064b     PM_Sensorless.obj (.text)
                  0000864b    000002d1     PM_Sensorless.obj (.text:retain)
                  0000891c    000001c1     PM_Sensorless-DevInit_F2803x.obj (.text)
                  00008add    0000009d     rts2800_ml.lib : exp.obj (.text)
                  00008b7a    00000083                    : fd_mpy.obj (.text)
                  00008bfd    00000083                    : fs_div.obj (.text)
                  00008c80    00000078                    : fs_add.obj (.text)
                  00008cf8    00000071     DRV8301_SPI.obj (.text)
                  00008d69    0000005a     rts2800_ml.lib : fs_mpy.obj (.text)
                  00008dc3    0000004b     DLOG4CHC.obj (.text)
                  00008e0e    00000044     rts2800_ml.lib : boot.obj (.text)
                  00008e52    0000003f                    : ldexp.obj (.text)
                  00008e91    00000025                    : fs_toi.obj (.text)
                  00008eb6    0000001f                    : fd_tol.obj (.text)
                  00008ed5    0000001d                    : fs_tou.obj (.text)
                  00008ef2    0000001c                    : fs_tofd.obj (.text)
                  00008f0e    0000001a                    : i_tofs.obj (.text)
                  00008f28    00000019                    : args_main.obj (.text)
                  00008f41    00000019                    : exit.obj (.text)
                  00008f5a    00000017                    : fs_cmp.obj (.text)
                  00008f71    00000010                    : u_tofs.obj (.text)
                  00008f81    00000009                    : _lock.obj (.text)
                  00008f8a    00000005     PM_Sensorless-DevInit_F2803x.obj (.text:retain)
                  00008f8f    00000005     rts2800_ml.lib : fs_neg.obj (.text)

IQmath     0    00008f94    00000050     
                  00008f94    00000029     IQmath.lib : IQ24sinPU.obj (IQmath)
                  00008fbd    00000027                : IQ24cosPU.obj (IQmath)

IQmathTables 
*          0    003fe000    00000b50     NOLOAD SECTION
                  003fe000    00000b50     IQmath.lib : IQmathTables.obj (IQmathTables)

.reset     0    003fffc0    00000002     DSECT
                  003fffc0    00000002     rts2800_ml.lib : boot.obj (.reset)

.stack     1    00000480    00000380     UNINITIALIZED
                  00000480    00000380     --HOLE--

DevEmuRegsFile 
*          1    00000880    00000004     UNINITIALIZED
                  00000880    00000004     DSP2803x_GlobalVariableDefs.obj (DevEmuRegsFile)

SysPwrCtrlRegsFile 
*          1    00000985    00000003     UNINITIALIZED
                  00000985    00000003     DSP2803x_GlobalVariableDefs.obj (SysPwrCtrlRegsFile)

FlashRegsFile 
*          1    00000a80    00000008     UNINITIALIZED
                  00000a80    00000008     DSP2803x_GlobalVariableDefs.obj (FlashRegsFile)

CsmRegsFile 
*          1    00000ae0    00000010     UNINITIALIZED
                  00000ae0    00000010     DSP2803x_GlobalVariableDefs.obj (CsmRegsFile)

AdcResultFile 
*          1    00000b00    00000020     UNINITIALIZED
                  00000b00    00000020     DSP2803x_GlobalVariableDefs.obj (AdcResultFile)

CpuTimer0RegsFile 
*          1    00000c00    00000008     UNINITIALIZED
                  00000c00    00000008     DSP2803x_GlobalVariableDefs.obj (CpuTimer0RegsFile)

CpuTimer1RegsFile 
*          1    00000c08    00000008     UNINITIALIZED
                  00000c08    00000008     DSP2803x_GlobalVariableDefs.obj (CpuTimer1RegsFile)

CpuTimer2RegsFile 
*          1    00000c10    00000008     UNINITIALIZED
                  00000c10    00000008     DSP2803x_GlobalVariableDefs.obj (CpuTimer2RegsFile)

PieCtrlRegsFile 
*          1    00000ce0    0000001a     UNINITIALIZED
                  00000ce0    0000001a     DSP2803x_GlobalVariableDefs.obj (PieCtrlRegsFile)

PieVectTableFile 
*          1    00000d00    00000100     UNINITIALIZED
                  00000d00    00000100     DSP2803x_GlobalVariableDefs.obj (PieVectTableFile)

EmuKeyVar 
*          1    00000d00    00000001     UNINITIALIZED
                  00000d00    00000001     DSP2803x_GlobalVariableDefs.obj (EmuKeyVar)

EmuBModeVar 
*          1    00000d01    00000001     UNINITIALIZED
                  00000d01    00000001     DSP2803x_GlobalVariableDefs.obj (EmuBModeVar)

FlashCallbackVar 
*          1    00000d02    00000002     UNINITIALIZED
                  00000d02    00000002     DSP2803x_GlobalVariableDefs.obj (FlashCallbackVar)

FlashScalingVar 
*          1    00000d04    00000002     UNINITIALIZED
                  00000d04    00000002     DSP2803x_GlobalVariableDefs.obj (FlashScalingVar)

Cla1RegsFile 
*          1    00001400    00000040     UNINITIALIZED
                  00001400    00000040     DSP2803x_GlobalVariableDefs.obj (Cla1RegsFile)

ECanaRegsFile 
*          1    00006000    00000034     UNINITIALIZED
                  00006000    00000034     DSP2803x_GlobalVariableDefs.obj (ECanaRegsFile)

ECanaLAMRegsFile 
*          1    00006040    00000040     UNINITIALIZED
                  00006040    00000040     DSP2803x_GlobalVariableDefs.obj (ECanaLAMRegsFile)

ECanaMOTSRegsFile 
*          1    00006080    00000040     UNINITIALIZED
                  00006080    00000040     DSP2803x_GlobalVariableDefs.obj (ECanaMOTSRegsFile)

ECanaMOTORegsFile 
*          1    000060c0    00000040     UNINITIALIZED
                  000060c0    00000040     DSP2803x_GlobalVariableDefs.obj (ECanaMOTORegsFile)

ECanaMboxesFile 
*          1    00006100    00000100     UNINITIALIZED
                  00006100    00000100     DSP2803x_GlobalVariableDefs.obj (ECanaMboxesFile)

Comp1RegsFile 
*          1    00006400    00000011     UNINITIALIZED
                  00006400    00000011     DSP2803x_GlobalVariableDefs.obj (Comp1RegsFile)

Comp2RegsFile 
*          1    00006420    00000011     UNINITIALIZED
                  00006420    00000011     DSP2803x_GlobalVariableDefs.obj (Comp2RegsFile)

Comp3RegsFile 
*          1    00006440    00000011     UNINITIALIZED
                  00006440    00000011     DSP2803x_GlobalVariableDefs.obj (Comp3RegsFile)

EPwm1RegsFile 
*          1    00006800    00000040     UNINITIALIZED
                  00006800    00000040     DSP2803x_GlobalVariableDefs.obj (EPwm1RegsFile)

EPwm2RegsFile 
*          1    00006840    00000040     UNINITIALIZED
                  00006840    00000040     DSP2803x_GlobalVariableDefs.obj (EPwm2RegsFile)

EPwm3RegsFile 
*          1    00006880    00000040     UNINITIALIZED
                  00006880    00000040     DSP2803x_GlobalVariableDefs.obj (EPwm3RegsFile)

EPwm4RegsFile 
*          1    000068c0    00000040     UNINITIALIZED
                  000068c0    00000040     DSP2803x_GlobalVariableDefs.obj (EPwm4RegsFile)

EPwm5RegsFile 
*          1    00006900    00000040     UNINITIALIZED
                  00006900    00000040     DSP2803x_GlobalVariableDefs.obj (EPwm5RegsFile)

EPwm6RegsFile 
*          1    00006940    00000040     UNINITIALIZED
                  00006940    00000040     DSP2803x_GlobalVariableDefs.obj (EPwm6RegsFile)

EPwm7RegsFile 
*          1    00006980    00000040     UNINITIALIZED
                  00006980    00000040     DSP2803x_GlobalVariableDefs.obj (EPwm7RegsFile)

ECap1RegsFile 
*          1    00006a00    00000020     UNINITIALIZED
                  00006a00    00000020     DSP2803x_GlobalVariableDefs.obj (ECap1RegsFile)

EQep1RegsFile 
*          1    00006b00    00000040     UNINITIALIZED
                  00006b00    00000040     DSP2803x_GlobalVariableDefs.obj (EQep1RegsFile)

LinaRegsFile 
*          1    00006c00    0000004a     UNINITIALIZED
                  00006c00    0000004a     DSP2803x_GlobalVariableDefs.obj (LinaRegsFile)

GpioCtrlRegsFile 
*          1    00006f80    00000040     UNINITIALIZED
                  00006f80    00000040     DSP2803x_GlobalVariableDefs.obj (GpioCtrlRegsFile)

GpioDataRegsFile 
*          1    00006fc0    00000020     UNINITIALIZED
                  00006fc0    00000020     DSP2803x_GlobalVariableDefs.obj (GpioDataRegsFile)

GpioIntRegsFile 
*          1    00006fe0    0000000c     UNINITIALIZED
                  00006fe0    0000000c     DSP2803x_GlobalVariableDefs.obj (GpioIntRegsFile)

SysCtrlRegsFile 
*          1    00007010    00000020     UNINITIALIZED
                  00007010    00000020     DSP2803x_GlobalVariableDefs.obj (SysCtrlRegsFile)

SpiaRegsFile 
*          1    00007040    00000010     UNINITIALIZED
                  00007040    00000010     DSP2803x_GlobalVariableDefs.obj (SpiaRegsFile)

SciaRegsFile 
*          1    00007050    00000010     UNINITIALIZED
                  00007050    00000010     DSP2803x_GlobalVariableDefs.obj (SciaRegsFile)

NmiIntruptRegsFile 
*          1    00007060    00000010     UNINITIALIZED
                  00007060    00000010     DSP2803x_GlobalVariableDefs.obj (NmiIntruptRegsFile)

XIntruptRegsFile 
*          1    00007070    00000010     UNINITIALIZED
                  00007070    00000010     DSP2803x_GlobalVariableDefs.obj (XIntruptRegsFile)

AdcRegsFile 
*          1    00007100    00000050     UNINITIALIZED
                  00007100    00000050     DSP2803x_GlobalVariableDefs.obj (AdcRegsFile)

SpibRegsFile 
*          1    00007740    00000010     UNINITIALIZED
                  00007740    00000010     DSP2803x_GlobalVariableDefs.obj (SpibRegsFile)

I2caRegsFile 
*          1    00007900    00000022     UNINITIALIZED
                  00007900    00000022     DSP2803x_GlobalVariableDefs.obj (I2caRegsFile)

DLOG       1    00009800    00000320     UNINITIALIZED
                  00009800    00000320     DLOG4CHC.obj (DLOG)

.ebss      1    00009b20    00000248     UNINITIALIZED
                  00009b20    00000004     rts2800_ml.lib : _lock.obj (.ebss)
                  00009b24    00000004                    : exit.obj (.ebss)
                  00009b28    00000001                    : errno.obj (.ebss)
                  00009b29    00000017     --HOLE--
                  00009b40    00000228     PM_Sensorless.obj (.ebss)

.econst    1    00009d68    00000010     
                  00009d68    00000010     PM_Sensorless.obj (.econst)

PartIdRegsFile 
*          1    003d7e80    00000001     UNINITIALIZED
                  003d7e80    00000001     DSP2803x_GlobalVariableDefs.obj (PartIdRegsFile)

CsmPwlFile 
*          1    003f7ff8    00000008     UNINITIALIZED
                  003f7ff8    00000008     DSP2803x_GlobalVariableDefs.obj (CsmPwlFile)


GLOBAL DATA SYMBOLS: SORTED BY DATA PAGE

address     data page           name
--------    ----------------    ----
00000480      12 (00000480)     __stack

00000880      22 (00000880)     _DevEmuRegs

00000985      26 (00000980)     _SysPwrCtrlRegs

00000a80      2a (00000a80)     _FlashRegs

00000ae0      2b (00000ac0)     _CsmRegs

00000b00      2c (00000b00)     _AdcResult

00000c00      30 (00000c00)     _CpuTimer0Regs
00000c08      30 (00000c00)     _CpuTimer1Regs
00000c10      30 (00000c00)     _CpuTimer2Regs

00000ce0      33 (00000cc0)     _PieCtrlRegs

00000d00      34 (00000d00)     _EmuKey
00000d00      34 (00000d00)     _PieVectTable
00000d01      34 (00000d00)     _EmuBMode
00000d02      34 (00000d00)     _Flash_CallbackPtr
00000d04      34 (00000d00)     _Flash_CPUScaleFactor

00001400      50 (00001400)     _Cla1Regs

00006000     180 (00006000)     _ECanaRegs

00006040     181 (00006040)     _ECanaLAMRegs

00006080     182 (00006080)     _ECanaMOTSRegs

000060c0     183 (000060c0)     _ECanaMOTORegs

00006100     184 (00006100)     _ECanaMboxes

00006400     190 (00006400)     _Comp1Regs
00006420     190 (00006400)     _Comp2Regs

00006440     191 (00006440)     _Comp3Regs

00006800     1a0 (00006800)     _EPwm1Regs

00006840     1a1 (00006840)     _EPwm2Regs

00006880     1a2 (00006880)     _EPwm3Regs

000068c0     1a3 (000068c0)     _EPwm4Regs

00006900     1a4 (00006900)     _EPwm5Regs

00006940     1a5 (00006940)     _EPwm6Regs

00006980     1a6 (00006980)     _EPwm7Regs

00006a00     1a8 (00006a00)     _ECap1Regs

00006b00     1ac (00006b00)     _EQep1Regs

00006c00     1b0 (00006c00)     _LinaRegs

00006f80     1be (00006f80)     _GpioCtrlRegs

00006fc0     1bf (00006fc0)     _GpioDataRegs
00006fe0     1bf (00006fc0)     _GpioIntRegs

00007010     1c0 (00007000)     _SysCtrlRegs

00007040     1c1 (00007040)     _SpiaRegs
00007050     1c1 (00007040)     _SciaRegs
00007060     1c1 (00007040)     _NmiIntruptRegs
00007070     1c1 (00007040)     _XIntruptRegs

00007100     1c4 (00007100)     _AdcRegs

00007740     1dd (00007740)     _SpibRegs

00007900     1e4 (00007900)     _I2caRegs

00008f94     23e (00008f80)     __IQ24sinPU
00008fbd     23e (00008f80)     __IQ24cosPU

00009b20     26c (00009b00)     __unlock
00009b22     26c (00009b00)     __lock
00009b24     26c (00009b00)     ___TI_cleanup_ptr
00009b26     26c (00009b00)     ___TI_dtors_ptr
00009b28     26c (00009b00)     _errno

00009b40     26d (00009b40)     _lsw
00009b41     26d (00009b40)     _PwmDacCh1
00009b42     26d (00009b40)     _SerialCommsTimer
00009b43     26d (00009b40)     _PwmDacCh3
00009b44     26d (00009b40)     _PwmDacCh4
00009b45     26d (00009b40)     _BackTicker
00009b46     26d (00009b40)     _PwmDacCh2
00009b47     26d (00009b40)     _DRV8301_cntrl_reg2
00009b48     26d (00009b40)     _MPeriod
00009b49     26d (00009b40)     _Sector
00009b4a     26d (00009b40)     _DRV8301_stat_reg2
00009b4b     26d (00009b40)     _DRV8301_stat_reg1
00009b4c     26d (00009b40)     _read_drv_status
00009b4d     26d (00009b40)     _LockRotorFlag
00009b4e     26d (00009b40)     _SpeedLoopPrescaler
00009b4f     26d (00009b40)     _EnableFlag
00009b50     26d (00009b40)     _RunMotor
00009b51     26d (00009b40)     _DlogCh2
00009b52     26d (00009b40)     _DlogCh3
00009b53     26d (00009b40)     _DlogCh1
00009b54     26d (00009b40)     _DRV_RESET
00009b55     26d (00009b40)     _SpeedLoopCount
00009b56     26d (00009b40)     _DRV8301_cntrl_reg1
00009b57     26d (00009b40)     _DlogCh4
00009b58     26d (00009b40)     _B_Task_Ptr
00009b5a     26d (00009b40)     _Alpha_State_Ptr
00009b5c     26d (00009b40)     _A_Task_Ptr
00009b5e     26d (00009b40)     _C_Task_Ptr
00009b60     26d (00009b40)     _cal_offset_B
00009b62     26d (00009b40)     _cal_offset_A
00009b64     26d (00009b40)     _T
00009b66     26d (00009b40)     _cal_filt_gain
00009b68     26d (00009b40)     _IsrTicker
00009b6a     26d (00009b40)     _VqTesting
00009b6c     26d (00009b40)     _VdTesting
00009b6e     26d (00009b40)     _IqRef
00009b70     26d (00009b40)     _IdRef
00009b72     26d (00009b40)     _invE0
00009b74     26d (00009b40)     _E0
00009b76     26d (00009b40)     _Va
00009b78     26d (00009b40)     _Vc
00009b7a     26d (00009b40)     _Vb
00009b7c     26d (00009b40)     _t1
00009b7e     26d (00009b40)     _Temp1

00009b80     26e (00009b80)     _rc_tmp
00009b82     26e (00009b80)     _Tmp_fr
00009b84     26e (00009b80)     _TmpD
00009b86     26e (00009b80)     _Tmp
00009b88     26e (00009b80)     _SpeedRef
00009b8a     26e (00009b80)     _temp_sv1
00009b8c     26e (00009b80)     _temp_sv2
00009b8e     26e (00009b80)     _t2
00009b90     26e (00009b80)     _VTimer1
00009b94     26e (00009b80)     _VTimer2
00009b98     26e (00009b80)     _VTimer0
00009b9c     26e (00009b80)     _pwm1
00009ba4     26e (00009b80)     _clarke1
00009bac     26e (00009b80)     _svgen_dq1
00009bb6     26e (00009b80)     _pwmdac1

00009bc0     26f (00009bc0)     _rg1
00009bcc     26f (00009bc0)     _park1
00009bda     26f (00009bc0)     _ipark1
00009be8     26f (00009bc0)     _rc1

00009c00     270 (00009c00)     _smo1_const
00009c0e     270 (00009c00)     _speed3
00009c1e     270 (00009c00)     _qep1

00009c40     271 (00009c40)     _speed1
00009c52     271 (00009c40)     _volt1
00009c66     271 (00009c40)     _dlog

00009c80     272 (00009c80)     _smo1

00009cc0     273 (00009cc0)     _pid1_id

00009d00     274 (00009d00)     _pid1_spd

00009d40     275 (00009d40)     _pid1_iq

003d7e80    f5fa (003d7e80)     _PartIdRegs

003f7ff8    fdff (003f7fc0)     _CsmPwl

003fe000    ff80 (003fe000)     _IQsinTable

003fe100    ff84 (003fe100)     _IQcosTable

003fe400    ff90 (003fe400)     _IQsinTableEnd

003fe502    ff94 (003fe500)     _IQcosTableEnd
003fe502    ff94 (003fe500)     _IQdivRoundSatTable
003fe510    ff94 (003fe500)     _IQdivTable

003fe712    ff9c (003fe700)     _IQdivTableEnd
003fe712    ff9c (003fe700)     _IQisqrtRoundSatTable
003fe712    ff9c (003fe700)     _IQsqrtRoundSatTable
003fe722    ff9c (003fe700)     _IQisqrtTable
003fe722    ff9c (003fe700)     _IQsqrtTable

003fe824    ffa0 (003fe800)     _IQatan2HalfPITable
003fe824    ffa0 (003fe800)     _IQisqrtTableEnd
003fe824    ffa0 (003fe800)     _IQsqrtTableEnd

003fe862    ffa1 (003fe840)     _IQatan2Table

003fe9e8    ffa7 (003fe9c0)     _IQ30mpyRndSatTable
003fe9e8    ffa7 (003fe9c0)     _IQatan2TableEnd
003fe9e8    ffa7 (003fe9c0)     _IQmpyRndSatTable
003fe9f4    ffa7 (003fe9c0)     _IQ29mpyRndSatTable

003fea00    ffa8 (003fea00)     _IQ28mpyRndSatTable
003fea0c    ffa8 (003fea00)     _IQ27mpyRndSatTable
003fea18    ffa8 (003fea00)     _IQ26mpyRndSatTable
003fea24    ffa8 (003fea00)     _IQ25mpyRndSatTable
003fea30    ffa8 (003fea00)     _IQ24mpyRndSatTable
003fea3c    ffa8 (003fea00)     _IQ23mpyRndSatTable

003fea48    ffa9 (003fea40)     _IQ22mpyRndSatTable
003fea54    ffa9 (003fea40)     _IQ21mpyRndSatTable
003fea60    ffa9 (003fea40)     _IQ20mpyRndSatTable
003fea6c    ffa9 (003fea40)     _IQ19mpyRndSatTable
003fea78    ffa9 (003fea40)     _IQ18mpyRndSatTable

003fea84    ffaa (003fea80)     _IQ17mpyRndSatTable
003fea90    ffaa (003fea80)     _IQ16mpyRndSatTable
003fea9c    ffaa (003fea80)     _IQ15mpyRndSatTable
003feaa8    ffaa (003fea80)     _IQ14mpyRndSatTable
003feab4    ffaa (003fea80)     _IQ13mpyRndSatTable

003feac0    ffab (003feac0)     _IQ12mpyRndSatTable
003feacc    ffab (003feac0)     _IQ11mpyRndSatTable
003fead8    ffab (003feac0)     _IQ10mpyRndSatTable
003feae4    ffab (003feac0)     _IQ9mpyRndSatTable
003feaf0    ffab (003feac0)     _IQ8mpyRndSatTable
003feafc    ffab (003feac0)     _IQ7mpyRndSatTable

003feb08    ffac (003feb00)     _IQ6mpyRndSatTable
003feb14    ffac (003feb00)     _IQ5mpyRndSatTable
003feb20    ffac (003feb00)     _IQ4mpyRndSatTable
003feb2c    ffac (003feb00)     _IQ3mpyRndSatTable
003feb38    ffac (003feb00)     _IQ2mpyRndSatTable

003feb44    ffad (003feb40)     _IQ1mpyRndSatTable
003feb50    ffad (003feb40)     _IQmpyRndSatTableEnd


GLOBAL SYMBOLS: SORTED ALPHABETICALLY BY Name 

address    name
--------   ----
00008000   .text
00008f41   C$$EXIT
00008b7a   FD$$MPY
00008eb6   FD$$TOL
00008c85   FS$$ADD
00008f5a   FS$$CMP
00008bfd   FS$$DIV
00008d69   FS$$MPY
00008f8f   FS$$NEG
00008c80   FS$$SUB
00008ef2   FS$$TOFD
00008e91   FS$$TOI
00008ed5   FS$$TOU
00008f0e   I$$TOFS
00008f71   U$$TOFS
00008522   _A0
00008567   _A1
00008617   _A2
0000861d   _A3
00009b5c   _A_Task_Ptr
00007100   _AdcRegs
00000b00   _AdcResult
00009b5a   _Alpha_State_Ptr
0000853b   _B0
00008623   _B1
00008629   _B2
0000862f   _B3
00009b58   _B_Task_Ptr
00009b45   _BackTicker
00008551   _C0
00008635   _C1
0000863f   _C2
00008645   _C3
00009b5e   _C_Task_Ptr
00001400   _Cla1Regs
00006400   _Comp1Regs
00006420   _Comp2Regs
00006440   _Comp3Regs
00000c00   _CpuTimer0Regs
00000c08   _CpuTimer1Regs
00000c10   _CpuTimer2Regs
003f7ff8   _CsmPwl
00000ae0   _CsmRegs
00008dc3   _DLOG_4CH_init
00008dce   _DLOG_4CH_update
00008cf8   _DRV8301_SPI_Init
00008d1c   _DRV8301_SPI_Read
00008d4b   _DRV8301_SPI_Write
00009b56   _DRV8301_cntrl_reg1
00009b47   _DRV8301_cntrl_reg2
00009b4b   _DRV8301_stat_reg1
00009b4a   _DRV8301_stat_reg2
00009b54   _DRV_RESET
00000298   _DSP28x_usDelay
00000880   _DevEmuRegs
0000891c   _DeviceInit
00009b53   _DlogCh1
00009b51   _DlogCh2
00009b52   _DlogCh3
00009b57   _DlogCh4
00009b74   _E0
00006040   _ECanaLAMRegs
000060c0   _ECanaMOTORegs
00006080   _ECanaMOTSRegs
00006100   _ECanaMboxes
00006000   _ECanaRegs
00006a00   _ECap1Regs
00006800   _EPwm1Regs
00006840   _EPwm2Regs
00006880   _EPwm3Regs
000068c0   _EPwm4Regs
00006900   _EPwm5Regs
00006940   _EPwm6Regs
00006980   _EPwm7Regs
00006b00   _EQep1Regs
00000d01   _EmuBMode
00000d00   _EmuKey
00009b4f   _EnableFlag
00000a80   _FlashRegs
00000d04   _Flash_CPUScaleFactor
00000d02   _Flash_CallbackPtr
00006f80   _GpioCtrlRegs
00006fc0   _GpioDataRegs
00006fe0   _GpioIntRegs
00007900   _I2caRegs
003fead8   _IQ10mpyRndSatTable
003feacc   _IQ11mpyRndSatTable
003feac0   _IQ12mpyRndSatTable
003feab4   _IQ13mpyRndSatTable
003feaa8   _IQ14mpyRndSatTable
003fea9c   _IQ15mpyRndSatTable
003fea90   _IQ16mpyRndSatTable
003fea84   _IQ17mpyRndSatTable
003fea78   _IQ18mpyRndSatTable
003fea6c   _IQ19mpyRndSatTable
003feb44   _IQ1mpyRndSatTable
003fea60   _IQ20mpyRndSatTable
003fea54   _IQ21mpyRndSatTable
003fea48   _IQ22mpyRndSatTable
003fea3c   _IQ23mpyRndSatTable
003fea30   _IQ24mpyRndSatTable
003fea24   _IQ25mpyRndSatTable
003fea18   _IQ26mpyRndSatTable
003fea0c   _IQ27mpyRndSatTable
003fea00   _IQ28mpyRndSatTable
003fe9f4   _IQ29mpyRndSatTable
003feb38   _IQ2mpyRndSatTable
003fe9e8   _IQ30mpyRndSatTable
003feb2c   _IQ3mpyRndSatTable
003feb20   _IQ4mpyRndSatTable
003feb14   _IQ5mpyRndSatTable
003feb08   _IQ6mpyRndSatTable
003feafc   _IQ7mpyRndSatTable
003feaf0   _IQ8mpyRndSatTable
003feae4   _IQ9mpyRndSatTable
003fe824   _IQatan2HalfPITable
003fe862   _IQatan2Table
003fe9e8   _IQatan2TableEnd
003fe100   _IQcosTable
003fe502   _IQcosTableEnd
003fe502   _IQdivRoundSatTable
003fe510   _IQdivTable
003fe712   _IQdivTableEnd
003fe712   _IQisqrtRoundSatTable
003fe722   _IQisqrtTable
003fe824   _IQisqrtTableEnd
003fe9e8   _IQmpyRndSatTable
003feb50   _IQmpyRndSatTableEnd
003fe000   _IQsinTable
003fe400   _IQsinTableEnd
003fe712   _IQsqrtRoundSatTable
003fe722   _IQsqrtTable
003fe824   _IQsqrtTableEnd
00008f8a   _ISR_ILLEGAL
00009b70   _IdRef
0000027d   _InitFlash
00009b6e   _IqRef
00009b68   _IsrTicker
00006c00   _LinaRegs
00009b4d   _LockRotorFlag
00009b48   _MPeriod
0000864b   _MainISR
00008ac8   _MemCopy
00007060   _NmiIntruptRegs
00008a57   _PLLset
003d7e80   _PartIdRegs
00008a8d   _PieCntlInit
00000ce0   _PieCtrlRegs
00000d00   _PieVectTable
00008aac   _PieVectTableInit
00009b41   _PwmDacCh1
00009b46   _PwmDacCh2
00009b43   _PwmDacCh3
00009b44   _PwmDacCh4
00009b50   _RunMotor
00007050   _SciaRegs
00009b49   _Sector
00009b42   _SerialCommsTimer
00009b55   _SpeedLoopCount
00009b4e   _SpeedLoopPrescaler
00009b88   _SpeedRef
00007040   _SpiaRegs
00007740   _SpibRegs
00007010   _SysCtrlRegs
00000985   _SysPwrCtrlRegs
00009b64   _T
00009b7e   _Temp1
00009b86   _Tmp
00009b84   _TmpD
00009b82   _Tmp_fr
00009b98   _VTimer0
00009b90   _VTimer1
00009b94   _VTimer2
00009b76   _Va
00009b7a   _Vb
00009b78   _Vc
00009b6c   _VdTesting
00009b6a   _VqTesting
00008a4f   _WDogDisable
00007070   _XIntruptRegs
00008fbd   __IQ24cosPU
00008f94   __IQ24sinPU
00000800   __STACK_END
00000380   __STACK_SIZE
00000001   __TI_args_main
00009b24   ___TI_cleanup_ptr
00009b26   ___TI_dtors_ptr
ffffffff   ___binit__
ffffffff   ___c_args__
00000050   ___cinit__
00008f94   ___etext__
ffffffff   ___pinit__
00008000   ___text__
00008f28   __args_main
00009b22   __lock
00008f89   __nop
00008f85   __register_lock
00008f81   __register_unlock
00000480   __stack
00009b20   __unlock
00008f41   _abort
00008e0e   _c_int00
00009b66   _cal_filt_gain
00009b62   _cal_offset_A
00009b60   _cal_offset_B
00009ba4   _clarke1
00009c66   _dlog
00009b28   _errno
00008f43   _exit
00008add   _exp
00009b72   _invE0
00009bda   _ipark1
00008e52   _ldexp
00009b40   _lsw
00008000   _main
00009bcc   _park1
00009cc0   _pid1_id
00009d40   _pid1_iq
00009d00   _pid1_spd
00009b9c   _pwm1
00009bb6   _pwmdac1
00009c1e   _qep1
00009be8   _rc1
00009b80   _rc_tmp
00009b4c   _read_drv_status
00009bc0   _rg1
00009c80   _smo1
00009c00   _smo1_const
00009c40   _speed1
00009c0e   _speed3
00009bac   _svgen_dq1
00009b7c   _t1
00009b8e   _t2
00009b8a   _temp_sv1
00009b8c   _temp_sv2
00009c52   _volt1
ffffffff   binit
00000050   cinit
00008f94   etext
ffffffff   pinit


GLOBAL SYMBOLS: SORTED BY Symbol Address 

address    name
--------   ----
00000001   __TI_args_main
00000050   ___cinit__
00000050   cinit
0000027d   _InitFlash
00000298   _DSP28x_usDelay
00000380   __STACK_SIZE
00000480   __stack
00000800   __STACK_END
00000880   _DevEmuRegs
00000985   _SysPwrCtrlRegs
00000a80   _FlashRegs
00000ae0   _CsmRegs
00000b00   _AdcResult
00000c00   _CpuTimer0Regs
00000c08   _CpuTimer1Regs
00000c10   _CpuTimer2Regs
00000ce0   _PieCtrlRegs
00000d00   _EmuKey
00000d00   _PieVectTable
00000d01   _EmuBMode
00000d02   _Flash_CallbackPtr
00000d04   _Flash_CPUScaleFactor
00001400   _Cla1Regs
00006000   _ECanaRegs
00006040   _ECanaLAMRegs
00006080   _ECanaMOTSRegs
000060c0   _ECanaMOTORegs
00006100   _ECanaMboxes
00006400   _Comp1Regs
00006420   _Comp2Regs
00006440   _Comp3Regs
00006800   _EPwm1Regs
00006840   _EPwm2Regs
00006880   _EPwm3Regs
000068c0   _EPwm4Regs
00006900   _EPwm5Regs
00006940   _EPwm6Regs
00006980   _EPwm7Regs
00006a00   _ECap1Regs
00006b00   _EQep1Regs
00006c00   _LinaRegs
00006f80   _GpioCtrlRegs
00006fc0   _GpioDataRegs
00006fe0   _GpioIntRegs
00007010   _SysCtrlRegs
00007040   _SpiaRegs
00007050   _SciaRegs
00007060   _NmiIntruptRegs
00007070   _XIntruptRegs
00007100   _AdcRegs
00007740   _SpibRegs
00007900   _I2caRegs
00008000   .text
00008000   ___text__
00008000   _main
00008522   _A0
0000853b   _B0
00008551   _C0
00008567   _A1
00008617   _A2
0000861d   _A3
00008623   _B1
00008629   _B2
0000862f   _B3
00008635   _C1
0000863f   _C2
00008645   _C3
0000864b   _MainISR
0000891c   _DeviceInit
00008a4f   _WDogDisable
00008a57   _PLLset
00008a8d   _PieCntlInit
00008aac   _PieVectTableInit
00008ac8   _MemCopy
00008add   _exp
00008b7a   FD$$MPY
00008bfd   FS$$DIV
00008c80   FS$$SUB
00008c85   FS$$ADD
00008cf8   _DRV8301_SPI_Init
00008d1c   _DRV8301_SPI_Read
00008d4b   _DRV8301_SPI_Write
00008d69   FS$$MPY
00008dc3   _DLOG_4CH_init
00008dce   _DLOG_4CH_update
00008e0e   _c_int00
00008e52   _ldexp
00008e91   FS$$TOI
00008eb6   FD$$TOL
00008ed5   FS$$TOU
00008ef2   FS$$TOFD
00008f0e   I$$TOFS
00008f28   __args_main
00008f41   C$$EXIT
00008f41   _abort
00008f43   _exit
00008f5a   FS$$CMP
00008f71   U$$TOFS
00008f81   __register_unlock
00008f85   __register_lock
00008f89   __nop
00008f8a   _ISR_ILLEGAL
00008f8f   FS$$NEG
00008f94   __IQ24sinPU
00008f94   ___etext__
00008f94   etext
00008fbd   __IQ24cosPU
00009b20   __unlock
00009b22   __lock
00009b24   ___TI_cleanup_ptr
00009b26   ___TI_dtors_ptr
00009b28   _errno
00009b40   _lsw
00009b41   _PwmDacCh1
00009b42   _SerialCommsTimer
00009b43   _PwmDacCh3
00009b44   _PwmDacCh4
00009b45   _BackTicker
00009b46   _PwmDacCh2
00009b47   _DRV8301_cntrl_reg2
00009b48   _MPeriod
00009b49   _Sector
00009b4a   _DRV8301_stat_reg2
00009b4b   _DRV8301_stat_reg1
00009b4c   _read_drv_status
00009b4d   _LockRotorFlag
00009b4e   _SpeedLoopPrescaler
00009b4f   _EnableFlag
00009b50   _RunMotor
00009b51   _DlogCh2
00009b52   _DlogCh3
00009b53   _DlogCh1
00009b54   _DRV_RESET
00009b55   _SpeedLoopCount
00009b56   _DRV8301_cntrl_reg1
00009b57   _DlogCh4
00009b58   _B_Task_Ptr
00009b5a   _Alpha_State_Ptr
00009b5c   _A_Task_Ptr
00009b5e   _C_Task_Ptr
00009b60   _cal_offset_B
00009b62   _cal_offset_A
00009b64   _T
00009b66   _cal_filt_gain
00009b68   _IsrTicker
00009b6a   _VqTesting
00009b6c   _VdTesting
00009b6e   _IqRef
00009b70   _IdRef
00009b72   _invE0
00009b74   _E0
00009b76   _Va
00009b78   _Vc
00009b7a   _Vb
00009b7c   _t1
00009b7e   _Temp1
00009b80   _rc_tmp
00009b82   _Tmp_fr
00009b84   _TmpD
00009b86   _Tmp
00009b88   _SpeedRef
00009b8a   _temp_sv1
00009b8c   _temp_sv2
00009b8e   _t2
00009b90   _VTimer1
00009b94   _VTimer2
00009b98   _VTimer0
00009b9c   _pwm1
00009ba4   _clarke1
00009bac   _svgen_dq1
00009bb6   _pwmdac1
00009bc0   _rg1
00009bcc   _park1
00009bda   _ipark1
00009be8   _rc1
00009c00   _smo1_const
00009c0e   _speed3
00009c1e   _qep1
00009c40   _speed1
00009c52   _volt1
00009c66   _dlog
00009c80   _smo1
00009cc0   _pid1_id
00009d00   _pid1_spd
00009d40   _pid1_iq
003d7e80   _PartIdRegs
003f7ff8   _CsmPwl
003fe000   _IQsinTable
003fe100   _IQcosTable
003fe400   _IQsinTableEnd
003fe502   _IQcosTableEnd
003fe502   _IQdivRoundSatTable
003fe510   _IQdivTable
003fe712   _IQdivTableEnd
003fe712   _IQisqrtRoundSatTable
003fe712   _IQsqrtRoundSatTable
003fe722   _IQisqrtTable
003fe722   _IQsqrtTable
003fe824   _IQatan2HalfPITable
003fe824   _IQisqrtTableEnd
003fe824   _IQsqrtTableEnd
003fe862   _IQatan2Table
003fe9e8   _IQ30mpyRndSatTable
003fe9e8   _IQatan2TableEnd
003fe9e8   _IQmpyRndSatTable
003fe9f4   _IQ29mpyRndSatTable
003fea00   _IQ28mpyRndSatTable
003fea0c   _IQ27mpyRndSatTable
003fea18   _IQ26mpyRndSatTable
003fea24   _IQ25mpyRndSatTable
003fea30   _IQ24mpyRndSatTable
003fea3c   _IQ23mpyRndSatTable
003fea48   _IQ22mpyRndSatTable
003fea54   _IQ21mpyRndSatTable
003fea60   _IQ20mpyRndSatTable
003fea6c   _IQ19mpyRndSatTable
003fea78   _IQ18mpyRndSatTable
003fea84   _IQ17mpyRndSatTable
003fea90   _IQ16mpyRndSatTable
003fea9c   _IQ15mpyRndSatTable
003feaa8   _IQ14mpyRndSatTable
003feab4   _IQ13mpyRndSatTable
003feac0   _IQ12mpyRndSatTable
003feacc   _IQ11mpyRndSatTable
003fead8   _IQ10mpyRndSatTable
003feae4   _IQ9mpyRndSatTable
003feaf0   _IQ8mpyRndSatTable
003feafc   _IQ7mpyRndSatTable
003feb08   _IQ6mpyRndSatTable
003feb14   _IQ5mpyRndSatTable
003feb20   _IQ4mpyRndSatTable
003feb2c   _IQ3mpyRndSatTable
003feb38   _IQ2mpyRndSatTable
003feb44   _IQ1mpyRndSatTable
003feb50   _IQmpyRndSatTableEnd
ffffffff   ___binit__
ffffffff   ___c_args__
ffffffff   ___pinit__
ffffffff   binit
ffffffff   pinit

[240 symbols]
